s 0x0003E801 1 m
s 0x0003Ea01 1 m
s 0x0003E601 1 m
l 0x0003E801 1 h
s 0x0003E401 1 m
s 0x0003E201 1 m
l 0x0003E001 1 m
s 0x0003E801 1 m
l 0x0003E801 1 h
s 0x0003E801 1 h
s 0x0003E801 1 h
l 0x0003E801 1 h
l 0x0003E801 1 h
s 0x0003E601 1 m
s 0x0003E601 1 h
s 0x0003E602 1 m
l 0x0003E602 1 h
s 0x0003E802 1 m
s 0x0003E402 1 m
s 0x0003E603 1 m
l 0x00001B01 1 m
l 0x0003E801 1 m
l 0x0014B101 1 m
l 0x00000001 1 m
l 0x0003E801 1 h
l 0x00000101 1 h
l 0x0003E801 1 h
l 0x00000201 1 m
s 0x0003E801 1 h