s 00000401 1      M      M
s 00000402 1      M      M
s 00000403 1      M      M
s 00000404 1      M      M
l 00000405 1      M      M
l 00000401 1      H      M
l 00000801 1      M      M
s 00000405 1      H      H
s 00000802 1      M      M
l 00000402 1      M      H
l 00000805 1      M      M
s 00000405 1      M      M
l 00000405 1      H      M